Archive member included to satisfy reference by file (symbol)

d:/program files (x86)/atmel/studio/7.0/toolchain/avr8/avr8-gnu-toolchain/bin/../lib/gcc/avr/5.4.0/../../../../avr/lib/avrxmega6\libm.a(addsf3.o)
                              src/maskedChaoticEnc.o (__subsf3)
d:/program files (x86)/atmel/studio/7.0/toolchain/avr8/avr8-gnu-toolchain/bin/../lib/gcc/avr/5.4.0/../../../../avr/lib/avrxmega6\libm.a(addsf3x.o)
                              d:/program files (x86)/atmel/studio/7.0/toolchain/avr8/avr8-gnu-toolchain/bin/../lib/gcc/avr/5.4.0/../../../../avr/lib/avrxmega6\libm.a(addsf3.o) (__addsf3x)
d:/program files (x86)/atmel/studio/7.0/toolchain/avr8/avr8-gnu-toolchain/bin/../lib/gcc/avr/5.4.0/../../../../avr/lib/avrxmega6\libm.a(cmpsf2.o)
                              src/maskedChaoticEnc.o (__ltsf2)
d:/program files (x86)/atmel/studio/7.0/toolchain/avr8/avr8-gnu-toolchain/bin/../lib/gcc/avr/5.4.0/../../../../avr/lib/avrxmega6\libm.a(divsf3.o)
                              src/maskedChaoticEnc.o (__divsf3)
d:/program files (x86)/atmel/studio/7.0/toolchain/avr8/avr8-gnu-toolchain/bin/../lib/gcc/avr/5.4.0/../../../../avr/lib/avrxmega6\libm.a(divsf3x.o)
                              d:/program files (x86)/atmel/studio/7.0/toolchain/avr8/avr8-gnu-toolchain/bin/../lib/gcc/avr/5.4.0/../../../../avr/lib/avrxmega6\libm.a(divsf3.o) (__divsf3x)
d:/program files (x86)/atmel/studio/7.0/toolchain/avr8/avr8-gnu-toolchain/bin/../lib/gcc/avr/5.4.0/../../../../avr/lib/avrxmega6\libm.a(fixunssfsi.o)
                              src/maskedChaoticEnc.o (__fixunssfsi)
d:/program files (x86)/atmel/studio/7.0/toolchain/avr8/avr8-gnu-toolchain/bin/../lib/gcc/avr/5.4.0/../../../../avr/lib/avrxmega6\libm.a(floatsisf.o)
                              src/maskedChaoticEnc.o (__floatunsisf)
d:/program files (x86)/atmel/studio/7.0/toolchain/avr8/avr8-gnu-toolchain/bin/../lib/gcc/avr/5.4.0/../../../../avr/lib/avrxmega6\libm.a(fp_cmp.o)
                              d:/program files (x86)/atmel/studio/7.0/toolchain/avr8/avr8-gnu-toolchain/bin/../lib/gcc/avr/5.4.0/../../../../avr/lib/avrxmega6\libm.a(cmpsf2.o) (__fp_cmp)
d:/program files (x86)/atmel/studio/7.0/toolchain/avr8/avr8-gnu-toolchain/bin/../lib/gcc/avr/5.4.0/../../../../avr/lib/avrxmega6\libm.a(fp_inf.o)
                              d:/program files (x86)/atmel/studio/7.0/toolchain/avr8/avr8-gnu-toolchain/bin/../lib/gcc/avr/5.4.0/../../../../avr/lib/avrxmega6\libm.a(addsf3x.o) (__fp_inf)
d:/program files (x86)/atmel/studio/7.0/toolchain/avr8/avr8-gnu-toolchain/bin/../lib/gcc/avr/5.4.0/../../../../avr/lib/avrxmega6\libm.a(fp_nan.o)
                              d:/program files (x86)/atmel/studio/7.0/toolchain/avr8/avr8-gnu-toolchain/bin/../lib/gcc/avr/5.4.0/../../../../avr/lib/avrxmega6\libm.a(addsf3x.o) (__fp_nan)
d:/program files (x86)/atmel/studio/7.0/toolchain/avr8/avr8-gnu-toolchain/bin/../lib/gcc/avr/5.4.0/../../../../avr/lib/avrxmega6\libm.a(fp_pscA.o)
                              d:/program files (x86)/atmel/studio/7.0/toolchain/avr8/avr8-gnu-toolchain/bin/../lib/gcc/avr/5.4.0/../../../../avr/lib/avrxmega6\libm.a(addsf3x.o) (__fp_pscA)
d:/program files (x86)/atmel/studio/7.0/toolchain/avr8/avr8-gnu-toolchain/bin/../lib/gcc/avr/5.4.0/../../../../avr/lib/avrxmega6\libm.a(fp_pscB.o)
                              d:/program files (x86)/atmel/studio/7.0/toolchain/avr8/avr8-gnu-toolchain/bin/../lib/gcc/avr/5.4.0/../../../../avr/lib/avrxmega6\libm.a(addsf3x.o) (__fp_pscB)
d:/program files (x86)/atmel/studio/7.0/toolchain/avr8/avr8-gnu-toolchain/bin/../lib/gcc/avr/5.4.0/../../../../avr/lib/avrxmega6\libm.a(fp_round.o)
                              d:/program files (x86)/atmel/studio/7.0/toolchain/avr8/avr8-gnu-toolchain/bin/../lib/gcc/avr/5.4.0/../../../../avr/lib/avrxmega6\libm.a(addsf3.o) (__fp_round)
d:/program files (x86)/atmel/studio/7.0/toolchain/avr8/avr8-gnu-toolchain/bin/../lib/gcc/avr/5.4.0/../../../../avr/lib/avrxmega6\libm.a(fp_split3.o)
                              d:/program files (x86)/atmel/studio/7.0/toolchain/avr8/avr8-gnu-toolchain/bin/../lib/gcc/avr/5.4.0/../../../../avr/lib/avrxmega6\libm.a(addsf3x.o) (__fp_split3)
d:/program files (x86)/atmel/studio/7.0/toolchain/avr8/avr8-gnu-toolchain/bin/../lib/gcc/avr/5.4.0/../../../../avr/lib/avrxmega6\libm.a(fp_zero.o)
                              d:/program files (x86)/atmel/studio/7.0/toolchain/avr8/avr8-gnu-toolchain/bin/../lib/gcc/avr/5.4.0/../../../../avr/lib/avrxmega6\libm.a(addsf3x.o) (__fp_zero)
d:/program files (x86)/atmel/studio/7.0/toolchain/avr8/avr8-gnu-toolchain/bin/../lib/gcc/avr/5.4.0/../../../../avr/lib/avrxmega6\libm.a(gesf2.o)
                              src/maskedChaoticEnc.o (__gtsf2)
d:/program files (x86)/atmel/studio/7.0/toolchain/avr8/avr8-gnu-toolchain/bin/../lib/gcc/avr/5.4.0/../../../../avr/lib/avrxmega6\libm.a(mulsf3.o)
                              src/maskedChaoticEnc.o (__mulsf3)
[...]
Memory Configuration

Name             Origin             Length             Attributes
text             0x00000000         0x00100000         xr
data             0x00802000         0x0000ffa0         rw !x
eeprom           0x00810000         0x00010000         rw !x
fuse             0x00820000         0x00000006         rw !x
lock             0x00830000         0x00000400         rw !x
signature        0x00840000         0x00000400         rw !x
user_signatures  0x00850000         0x00000400         rw !x
*default*        0x00000000         0xffffffff

Linker script and memory map

LOAD D:/Program Files (x86)/Atmel/Studio/7.0/Packs/atmel/XMEGAD_DFP/1.1.63/gcc/dev/atxmega128d4/avrxmega6/crtatxmega128d4.o
LOAD src/ASF/xmega/drivers/usart/usart.o
LOAD src/char_int.o
LOAD src/main.o
LOAD src/maskedChaoticEnc.o
LOAD src/ASF/common/services/sleepmgr/xmega/sleepmgr.o
LOAD src/ASF/common/services/serial/usart_serial.o
LOAD src/ASF/common/services/ioport/xmega/ioport_compat.o
LOAD src/ASF/common/services/clock/xmega/sysclk.o
LOAD src/ASF/xmega/drivers/tc/tc.o
LOAD src/ASF/xmega/drivers/cpu/ccp.o
LOAD src/ASF/common/boards/user_board/init.o
START GROUP
LOAD d:/program files (x86)/atmel/studio/7.0/toolchain/avr8/avr8-gnu-toolchain/bin/../lib/gcc/avr/5.4.0/../../../../avr/lib/avrxmega6\libm.a
END GROUP
START GROUP
LOAD d:/program files (x86)/atmel/studio/7.0/toolchain/avr8/avr8-gnu-toolchain/bin/../lib/gcc/avr/5.4.0/avrxmega6\libgcc.a
LOAD d:/program files (x86)/atmel/studio/7.0/toolchain/avr8/avr8-gnu-toolchain/bin/../lib/gcc/avr/5.4.0/../../../../avr/lib/avrxmega6\libm.a
LOAD d:/program files (x86)/atmel/studio/7.0/toolchain/avr8/avr8-gnu-toolchain/bin/../lib/gcc/avr/5.4.0/../../../../avr/lib/avrxmega6\libc.a
LOAD D:/Program Files (x86)/Atmel/Studio/7.0/Packs/atmel/XMEGAD_DFP/1.1.63/gcc/dev/atxmega128d4/avrxmega6\libatxmega128d4.a
END GROUP
                0x00100000                __TEXT_REGION_LENGTH__ = DEFINED (__TEXT_REGION_LENGTH__)?__TEXT_REGION_LENGTH__:0x100000
                0x0000ffa0                __DATA_REGION_LENGTH__ = DEFINED (__DATA_REGION_LENGTH__)?__DATA_REGION_LENGTH__:0xffa0
                0x00010000                __EEPROM_REGION_LENGTH__ = DEFINED (__EEPROM_REGION_LENGTH__)?__EEPROM_REGION_LENGTH__:0x10000
                [0x00000006]                __FUSE_REGION_LENGTH__ = DEFINED (__FUSE_REGION_LENGTH__)?__FUSE_REGION_LENGTH__:0x400
                0x00000400                __LOCK_REGION_LENGTH__ = DEFINED (__LOCK_REGION_LENGTH__)?__LOCK_REGION_LENGTH__:0x400
                0x00000400                __SIGNATURE_REGION_LENGTH__ = DEFINED (__SIGNATURE_REGION_LENGTH__)?__SIGNATURE_REGION_LENGTH__:0x400
                0x00000400                __USER_SIGNATURE_REGION_LENGTH__ = DEFINED (__USER_SIGNATURE_REGION_LENGTH__)?__USER_SIGNATURE_REGION_LENGTH__:0x400

.hash
 *(.hash)

.dynsym
 *(.dynsym)

.dynstr
 *(.dynstr)

.gnu.version
 *(.gnu.version)

.gnu.version_d
 *(.gnu.version_d)

.gnu.version_r
 *(.gnu.version_r)

.rel.init
 *(.rel.init)

.rela.init
 *(.rela.init)

.rel.text
 *(.rel.text)
 *(.rel.text.*)
 *(.rel.gnu.linkonce.t*)

.rela.text
 *(.rela.text)
 *(.rela.text.*)
 *(.rela.gnu.linkonce.t*)

.rel.fini
 *(.rel.fini)

.rela.fini
 *(.rela.fini)

.rel.rodata
 *(.rel.rodata)
 *(.rel.rodata.*)
 *(.rel.gnu.linkonce.r*)

.rela.rodata
 *(.rela.rodata)
 *(.rela.rodata.*)
 *(.rela.gnu.linkonce.r*)

.rel.data
 *(.rel.data)
 *(.rel.data.*)
 *(.rel.gnu.linkonce.d*)

.rela.data
 *(.rela.data)
 *(.rela.data.*)
 *(.rela.gnu.linkonce.d*)

.rel.ctors
 *(.rel.ctors)

.rela.ctors
 *(.rela.ctors)

.rel.dtors
 *(.rel.dtors)

.rela.dtors
 *(.rela.dtors)

.rel.got
 *(.rel.got)

.rela.got
 *(.rela.got)

.rel.bss
 *(.rel.bss)

.rela.bss
 *(.rela.bss)

.rel.plt
 *(.rel.plt)

.rela.plt
 *(.rela.plt)

.text           0x00000000     0x20dc
 *(.vectors)
 .vectors       0x00000000      0x16c D:/Program Files (x86)/Atmel/Studio/7.0/Packs/atmel/XMEGAD_DFP/1.1.63/gcc/dev/atxmega128d4/avrxmega6/crtatxmega128d4.o
                0x00000000                __vector_default
                0x00000000                __vectors
 *(.vectors)
 *(.progmem.gcc*)
 .progmem.gcc_sw_table.catmap
                0x0000016c       0x20 src/maskedChaoticEnc.o
                0x0000018c                . = ALIGN (0x2)
                0x0000018c                __trampolines_start = .
 *(.trampolines)
 .trampolines   0x0000018c        0x0 linker stubs
 *(.trampolines*)
                0x0000018c                __trampolines_end = .
 *libprintf_flt.a:*(.progmem.data)
 *libc.a:*(.progmem.data)
 *(.progmem*)
                0x0000018c                . = ALIGN (0x2)
 *(.jumptables)
 *(.jumptables*)
 *(.lowtext)
 *(.lowtext*)
                0x0000018c                __ctors_start = .
 *(.ctors)
                0x0000018c                __ctors_end = .
                0x0000018c                __dtors_start = .
 *(.dtors)
                0x0000018c                __dtors_end = .
 SORT(*)(.ctors)
 SORT(*)(.dtors)
 *(.init0)
 .init0         0x0000018c        0x0 D:/Program Files (x86)/Atmel/Studio/7.0/Packs/atmel/XMEGAD_DFP/1.1.63/gcc/dev/atxmega128d4/avrxmega6/crtatxmega128d4.o
                0x0000018c                __init
 *(.init0)
 *(.init1)
 *(.init1)
 *(.init2)
 .init2         0x0000018c       0x10 D:/Program Files (x86)/Atmel/Studio/7.0/Packs/atmel/XMEGAD_DFP/1.1.63/gcc/dev/atxmega128d4/avrxmega6/crtatxmega128d4.o
 *(.init2)
 *(.init3)
 *(.init3)
 *(.init4)
 .init4         0x0000019c       0x1a d:/program files (x86)/atmel/studio/7.0/toolchain/avr8/avr8-gnu-toolchain/bin/../lib/gcc/avr/5.4.0/avrxmega6\libgcc.a(_copy_data.o)
                0x0000019c                __do_copy_data
 .init4         0x000001b6       0x10 d:/program files (x86)/atmel/studio/7.0/toolchain/avr8/avr8-gnu-toolchain/bin/../lib/gcc/avr/5.4.0/avrxmega6\libgcc.a(_clear_bss.o)
                0x000001b6                __do_clear_bss
 *(.init4)
 *(.init5)
 *(.init5)
 *(.init6)
 *(.init6)
 *(.init7)
 *(.init7)
 *(.init8)
 *(.init8)
 *(.init9)
 .init9         0x000001c6        0x6 D:/Program Files (x86)/Atmel/Studio/7.0/Packs/atmel/XMEGAD_DFP/1.1.63/gcc/dev/atxmega128d4/avrxmega6/crtatxmega128d4.o
 *(.init9)
 *(.text)
 .text          0x000001cc        0x2 D:/Program Files (x86)/Atmel/Studio/7.0/Packs/atmel/XMEGAD_DFP/1.1.63/gcc/dev/atxmega128d4/avrxmega6/crtatxmega128d4.o
                0x000001cc                __vector_38
                0x000001cc                __vector_63
                0x000001cc                __vector_28
                0x000001cc                __vector_67
                0x000001cc                __vector_1
                0x000001cc                __vector_32
                0x000001cc                __vector_75
                0x000001cc                __vector_71
                0x000001cc                __vector_34
                0x000001cc                __vector_62
                0x000001cc                __vector_24
                0x000001cc                __vector_12
                0x000001cc                __vector_55
                0x000001cc                __vector_69
                0x000001cc                __vector_90
                0x000001cc                __vector_46
                0x000001cc                __bad_interrupt
                0x000001cc                __vector_72
                0x000001cc                __vector_6
                0x000001cc                __vector_31
                0x000001cc                __vector_35
                0x000001cc                __vector_74
                0x000001cc                __vector_39
                0x000001cc                __vector_3
                0x000001cc                __vector_68
                0x000001cc                __vector_30
                0x000001cc                __vector_73
                0x000001cc                __vector_45
                0x000001cc                __vector_25
                0x000001cc                __vector_61
                0x000001cc                __vector_11
                0x000001cc                __vector_54
                0x000001cc                __vector_13
                0x000001cc                __vector_56
                0x000001cc                __vector_7
                0x000001cc                __vector_41
                0x000001cc                __vector_86
                0x000001cc                __vector_64
                0x000001cc                __vector_88
                0x000001cc                __vector_43
                0x000001cc                __vector_27
                0x000001cc                __vector_5
                0x000001cc                __vector_33
                0x000001cc                __vector_76
                0x000001cc                __vector_37
                0x000001cc                __vector_89
                0x000001cc                __vector_4
                0x000001cc                __vector_44
                0x000001cc                __vector_9
                0x000001cc                __vector_2
                0x000001cc                __vector_66
                0x000001cc                __vector_36
                0x000001cc                __vector_58
                0x000001cc                __vector_70
                0x000001cc                __vector_83
                0x000001cc                __vector_29
                0x000001cc                __vector_60
                0x000001cc                __vector_40
                0x000001cc                __vector_85
                0x000001cc                __vector_8
                0x000001cc                __vector_26
                0x000001cc                __vector_84
                0x000001cc                __vector_57
                0x000001cc                __vector_53
                0x000001cc                __vector_10
                0x000001cc                __vector_59
                0x000001cc                __vector_42
                0x000001cc                __vector_87
                0x000001cc                __vector_65
                0x000001ce                . = ALIGN (0x2)
 *(.text.*)
 .text.usart_putchar
                0x000001ce       0x10 src/ASF/xmega/drivers/usart/usart.o
                0x000001ce                usart_putchar
 .text.usart_getchar
                0x000001de        0xc src/ASF/xmega/drivers/usart/usart.o
                0x000001de                usart_getchar
 .text.usart_set_baudrate
                0x000001ea      0x226 src/ASF/xmega/drivers/usart/usart.o
                0x000001ea                usart_set_baudrate
 .text.usart_init_rs232
                0x00000410      0x144 src/ASF/xmega/drivers/usart/usart.o
                0x00000410                usart_init_rs232
 .text.hex_decode
                0x00000554       0x8a src/char_int.o
                0x00000554                hex_decode
 .text.hex_print
                0x000005de       0x56 src/char_int.o
                0x000005de                hex_print
 .text.CWPlatInit
                0x00000634       0x8e src/main.o
                0x00000634                CWPlatInit
 .text.sendUint16
                0x000006c2      0x17a src/main.o
                0x000006c2                sendUint16
 .text.sendUint8
                0x0000083c       0x3a src/main.o
                0x0000083c                sendUint8
 .text.main     0x00000876      0x102 src/main.o
                0x00000876                main
 .text.roundKeyGen
                0x00000978      0x1b8 src/maskedChaoticEnc.o
                0x00000978                roundKeyGen
 .text.encryptionInit
                0x00000b30       0x10 src/maskedChaoticEnc.o
                0x00000b30                encryptionInit
 .text.mask_gen
                0x00000b40      0x2f4 src/maskedChaoticEnc.o
                0x00000b40                mask_gen
 .text.cons_sbox
                0x00000e34       0x2a src/maskedChaoticEnc.o
                0x00000e34                cons_sbox
 .text.mask_all
                0x00000e5e       0x16 src/maskedChaoticEnc.o
                0x00000e5e                mask_all
 .text.addroundkey
                0x00000e74       0x1a src/maskedChaoticEnc.o
                0x00000e74                addroundkey
 .text.getboxvalue
                0x00000e8e       0x1c src/maskedChaoticEnc.o
                0x00000e8e                getboxvalue
 .text.XTIME    0x00000eaa       0x16 src/maskedChaoticEnc.o
                0x00000eaa                XTIME
 .text.multiply
                0x00000ec0       0x9c src/maskedChaoticEnc.o
                0x00000ec0                multiply
 .text.diffusionmodule
                0x00000f5c      0x1ac src/maskedChaoticEnc.o
                0x00000f5c                diffusionmodule
 .text.catmap   0x00001108      0x15c src/maskedChaoticEnc.o
                0x00001108                catmap
 .text.encryption
                0x00001264       0xd6 src/maskedChaoticEnc.o
                0x00001264                encryption
 .text.sysclk_init
                0x0000133a       0x6c src/ASF/common/services/clock/xmega/sysclk.o
                0x0000133a                sysclk_init
 .text.sysclk_enable_module
                0x000013a6       0x2c src/ASF/common/services/clock/xmega/sysclk.o
                0x000013a6                sysclk_enable_module
 .text.__vector_14
                0x000013d2       0x5a src/ASF/xmega/drivers/tc/tc.o
                0x000013d2                __vector_14
 .text.__vector_15
                0x0000142c       0x5a src/ASF/xmega/drivers/tc/tc.o
                0x0000142c                __vector_15
 .text.__vector_16
                0x00001486       0x5a src/ASF/xmega/drivers/tc/tc.o
                0x00001486                __vector_16
 .text.__vector_17
                0x000014e0       0x5a src/ASF/xmega/drivers/tc/tc.o
                0x000014e0                __vector_17
 .text.__vector_18
                0x0000153a       0x5a src/ASF/xmega/drivers/tc/tc.o
                0x0000153a                __vector_18
 .text.__vector_19
                0x00001594       0x5a src/ASF/xmega/drivers/tc/tc.o
                0x00001594                __vector_19
 .text.__vector_20
                0x000015ee       0x5a src/ASF/xmega/drivers/tc/tc.o
                0x000015ee                __vector_20
 .text.__vector_21
                0x00001648       0x5a src/ASF/xmega/drivers/tc/tc.o
                0x00001648                __vector_21
 .text.__vector_22
                0x000016a2       0x5a src/ASF/xmega/drivers/tc/tc.o
                0x000016a2                __vector_22
 .text.__vector_23
                0x000016fc       0x5a src/ASF/xmega/drivers/tc/tc.o
                0x000016fc                __vector_23
 .text.__vector_77
                0x00001756       0x5a src/ASF/xmega/drivers/tc/tc.o
                0x00001756                __vector_77
 .text.__vector_78
                0x000017b0       0x5a src/ASF/xmega/drivers/tc/tc.o
                0x000017b0                __vector_78
 .text.__vector_79
                0x0000180a       0x5a src/ASF/xmega/drivers/tc/tc.o
                0x0000180a                __vector_79
 .text.__vector_80
                0x00001864       0x5a src/ASF/xmega/drivers/tc/tc.o
                0x00001864                __vector_80
 .text.__vector_81
                0x000018be       0x5a src/ASF/xmega/drivers/tc/tc.o
                0x000018be                __vector_81
 .text.__vector_82
                0x00001918       0x5a src/ASF/xmega/drivers/tc/tc.o
                0x00001918                __vector_82
 .text.__vector_47
                0x00001972       0x5a src/ASF/xmega/drivers/tc/tc.o
                0x00001972                __vector_47
 .text.__vector_48
                0x000019cc       0x5a src/ASF/xmega/drivers/tc/tc.o
                0x000019cc                __vector_48
 .text.__vector_49
                0x00001a26       0x5a src/ASF/xmega/drivers/tc/tc.o
                0x00001a26                __vector_49
 .text.__vector_50
                0x00001a80       0x5a src/ASF/xmega/drivers/tc/tc.o
                0x00001a80                __vector_50
 .text.__vector_51
                0x00001ada       0x5a src/ASF/xmega/drivers/tc/tc.o
                0x00001ada                __vector_51
 .text.__vector_52
                0x00001b34       0x5a src/ASF/xmega/drivers/tc/tc.o
                0x00001b34                __vector_52
 .text.tc_enable
                0x00001b8e       0xa0 src/ASF/xmega/drivers/tc/tc.o
                0x00001b8e                tc_enable
 .text.ccp_write_io
                0x00001c2e        0xc src/ASF/xmega/drivers/cpu/ccp.o
                0x00001c2e                ccp_write_io
 .text.avr-libc.fplib
                0x00001c3a        0xa d:/program files (x86)/atmel/studio/7.0/toolchain/avr8/avr8-gnu-toolchain/bin/../lib/gcc/avr/5.4.0/../../../../avr/lib/avrxmega6\libm.a(addsf3.o)
                0x00001c3a                __subsf3
                0x00001c3c                __addsf3
 .text.avr-libc.fplib
                0x00001c44       0xc0 d:/program files (x86)/atmel/studio/7.0/toolchain/avr8/avr8-gnu-toolchain/bin/../lib/gcc/avr/5.4.0/../../../../avr/lib/avrxmega6\libm.a(addsf3x.o)
                0x00001c5e                __addsf3x
 .text.avr-libc.fplib
                0x00001d04        0x8 d:/program files (x86)/atmel/studio/7.0/toolchain/avr8/avr8-gnu-toolchain/bin/../lib/gcc/avr/5.4.0/../../../../avr/lib/avrxmega6\libm.a(cmpsf2.o)
                0x00001d04                __nesf2
                0x00001d04                __eqsf2
                0x00001d04                __cmpsf2
                0x00001d04                __ltsf2
                0x00001d04                __lesf2
 .text.avr-libc.fplib
                0x00001d0c        0x4 d:/program files (x86)/atmel/studio/7.0/toolchain/avr8/avr8-gnu-toolchain/bin/../lib/gcc/avr/5.4.0/../../../../avr/lib/avrxmega6\libm.a(divsf3.o)
                0x00001d0c                __divsf3
 .text.avr-libc.fplib
                0x00001d10       0xcc d:/program files (x86)/atmel/studio/7.0/toolchain/avr8/avr8-gnu-toolchain/bin/../lib/gcc/avr/5.4.0/../../../../avr/lib/avrxmega6\libm.a(divsf3x.o)
                0x00001d26                __divsf3x
                0x00001d2a                __divsf3_pse
 .text.avr-libc.fplib
                0x00001ddc       0x58 d:/program files (x86)/atmel/studio/7.0/toolchain/avr8/avr8-gnu-toolchain/bin/../lib/gcc/avr/5.4.0/../../../../avr/lib/avrxmega6\libm.a(fixunssfsi.o)
                0x00001ddc                __fixunssfsi
 .text.avr-libc.fplib
                0x00001e34       0x7a d:/program files (x86)/atmel/studio/7.0/toolchain/avr8/avr8-gnu-toolchain/bin/../lib/gcc/avr/5.4.0/../../../../avr/lib/avrxmega6\libm.a(floatsisf.o)
                0x00001e34                __floatunsisf
                0x00001e38                __floatsisf
 .text.avr-libc.fplib
                0x00001eae       0x48 d:/program files (x86)/atmel/studio/7.0/toolchain/avr8/avr8-gnu-toolchain/bin/../lib/gcc/avr/5.4.0/../../../../avr/lib/avrxmega6\libm.a(fp_cmp.o)
                0x00001eae                __fp_cmp
 .text.avr-libc.fplib
                0x00001ef6        0xc d:/program files (x86)/atmel/studio/7.0/toolchain/avr8/avr8-gnu-toolchain/bin/../lib/gcc/avr/5.4.0/../../../../avr/lib/avrxmega6\libm.a(fp_inf.o)
                0x00001ef6                __fp_inf
 .text.avr-libc.fplib
                0x00001f02        0x6 d:/program files (x86)/atmel/studio/7.0/toolchain/avr8/avr8-gnu-toolchain/bin/../lib/gcc/avr/5.4.0/../../../../avr/lib/avrxmega6\libm.a(fp_nan.o)
                0x00001f02                __fp_nan
 .text.avr-libc.fplib
                0x00001f08        0xe d:/program files (x86)/atmel/studio/7.0/toolchain/avr8/avr8-gnu-toolchain/bin/../lib/gcc/avr/5.4.0/../../../../avr/lib/avrxmega6\libm.a(fp_pscA.o)
                0x00001f08                __fp_pscA
 .text.avr-libc.fplib
                0x00001f16        0xe d:/program files (x86)/atmel/studio/7.0/toolchain/avr8/avr8-gnu-toolchain/bin/../lib/gcc/avr/5.4.0/../../../../avr/lib/avrxmega6\libm.a(fp_pscB.o)
                0x00001f16                __fp_pscB
 .text.avr-libc.fplib
                0x00001f24       0x22 d:/program files (x86)/atmel/studio/7.0/toolchain/avr8/avr8-gnu-toolchain/bin/../lib/gcc/avr/5.4.0/../../../../avr/lib/avrxmega6\libm.a(fp_round.o)
                0x00001f24                __fp_round
 .text.avr-libc.fplib
                0x00001f46       0x44 d:/program files (x86)/atmel/studio/7.0/toolchain/avr8/avr8-gnu-toolchain/bin/../lib/gcc/avr/5.4.0/../../../../avr/lib/avrxmega6\libm.a(fp_split3.o)
                0x00001f46                __fp_split3
                0x00001f56                __fp_splitA
 .text.avr-libc.fplib
                0x00001f8a        0xe d:/program files (x86)/atmel/studio/7.0/toolchain/avr8/avr8-gnu-toolchain/bin/../lib/gcc/avr/5.4.0/../../../../avr/lib/avrxmega6\libm.a(fp_zero.o)
                0x00001f8a                __fp_zero
                0x00001f8c                __fp_szero
 .text.avr-libc.fplib
                0x00001f98        0x8 d:/program files (x86)/atmel/studio/7.0/toolchain/avr8/avr8-gnu-toolchain/bin/../lib/gcc/avr/5.4.0/../../../../avr/lib/avrxmega6\libm.a(gesf2.o)
                0x00001f98                __gesf2
                0x00001f98                __gtsf2
 .text.avr-libc.fplib
                0x00001fa0        0x4 d:/program files (x86)/atmel/studio/7.0/toolchain/avr8/avr8-gnu-toolchain/bin/../lib/gcc/avr/5.4.0/../../../../avr/lib/avrxmega6\libm.a(mulsf3.o)
                0x00001fa0                __mulsf3
 .text.avr-libc.fplib
                0x00001fa4       0xc2 d:/program files (x86)/atmel/studio/7.0/toolchain/avr8/avr8-gnu-toolchain/bin/../lib/gcc/avr/5.4.0/../../../../avr/lib/avrxmega6\libm.a(mulsf3x.o)
                0x00001fb8                __mulsf3x
                0x00001fbc                __mulsf3_pse
 .text.libgcc.div
                0x00002066       0x44 d:/program files (x86)/atmel/studio/7.0/toolchain/avr8/avr8-gnu-toolchain/bin/../lib/gcc/avr/5.4.0/avrxmega6\libgcc.a(_udivmodsi4.o)
                0x00002066                __udivmodsi4
 .text.libgcc   0x000020aa       0x10 d:/program files (x86)/atmel/studio/7.0/toolchain/avr8/avr8-gnu-toolchain/bin/../lib/gcc/avr/5.4.0/avrxmega6\libgcc.a(_tablejump2.o)
                0x000020aa                __tablejump2__
 .text.libgcc.mul
                0x000020ba       0x1e d:/program files (x86)/atmel/studio/7.0/toolchain/avr8/avr8-gnu-toolchain/bin/../lib/gcc/avr/5.4.0/avrxmega6\libgcc.a(_umulhisi3.o)
                0x000020ba                __umulhisi3
                0x000020d8                . = ALIGN (0x2)
 *(.fini9)
 .fini9         0x000020d8        0x0 d:/program files (x86)/atmel/studio/7.0/toolchain/avr8/avr8-gnu-toolchain/bin/../lib/gcc/avr/5.4.0/avrxmega6\libgcc.a(_exit.o)
                0x000020d8                _exit
                0x000020d8                exit
 *(.fini9)
 *(.fini8)
 *(.fini8)
 *(.fini7)
 *(.fini7)
 *(.fini6)
 *(.fini6)
 *(.fini5)
 *(.fini5)
 *(.fini4)
 *(.fini4)
 *(.fini3)
 *(.fini3)
 *(.fini2)
 *(.fini2)
 *(.fini1)
 *(.fini1)
 *(.fini0)
 .fini0         0x000020d8        0x4 d:/program files (x86)/atmel/studio/7.0/toolchain/avr8/avr8-gnu-toolchain/bin/../lib/gcc/avr/5.4.0/avrxmega6\libgcc.a(_exit.o)
 *(.fini0)
                0x000020dc                _etext = .

.data           0x00802000      0x218 load address 0x000020dc
                0x00802000                PROVIDE (__data_start, .)
 *(.data)
 *(.data*)
 .data.hex_lookup
                0x00802000       0x10 src/char_int.o
                0x00802000                hex_lookup
 .data.usart_options.4889
                0x00802010        0x7 src/main.o
 .data.inv      0x00802017      0x100 src/maskedChaoticEnc.o
                0x00802017                inv
 .data.sbox     0x00802117      0x100 src/maskedChaoticEnc.o
                0x00802117                sbox
 *(.gnu.linkonce.d*)
 *(.rodata)
 *(.rodata*)
 *(.gnu.linkonce.r*)
                0x00802218                . = ALIGN (0x2)
 *fill*         0x00802217        0x1 
                0x00802218                _edata = .
                0x00802218                PROVIDE (__data_end, .)

.bss            0x00802218      0x22a
                0x00802218                PROVIDE (__bss_start, .)
 *(.bss)
 *(.bss*)
 .bss.seed      0x00802218        0x4 src/maskedChaoticEnc.o
                0x00802218                seed
 .bss.tc_tce0_ccd_callback
                0x0080221c        0x2 src/ASF/xmega/drivers/tc/tc.o
 .bss.tc_tce0_ccc_callback
                0x0080221e        0x2 src/ASF/xmega/drivers/tc/tc.o
 .bss.tc_tce0_ccb_callback
                0x00802220        0x2 src/ASF/xmega/drivers/tc/tc.o
 .bss.tc_tce0_cca_callback
                0x00802222        0x2 src/ASF/xmega/drivers/tc/tc.o
 .bss.tc_tce0_err_callback
                0x00802224        0x2 src/ASF/xmega/drivers/tc/tc.o
 .bss.tc_tce0_ovf_callback
                0x00802226        0x2 src/ASF/xmega/drivers/tc/tc.o
 .bss.tc_tcd0_ccd_callback
                0x00802228        0x2 src/ASF/xmega/drivers/tc/tc.o
 .bss.tc_tcd0_ccc_callback
                0x0080222a        0x2 src/ASF/xmega/drivers/tc/tc.o
 .bss.tc_tcd0_ccb_callback
                0x0080222c        0x2 src/ASF/xmega/drivers/tc/tc.o
 .bss.tc_tcd0_cca_callback
                0x0080222e        0x2 src/ASF/xmega/drivers/tc/tc.o
 .bss.tc_tcd0_err_callback
                0x00802230        0x2 src/ASF/xmega/drivers/tc/tc.o
 .bss.tc_tcd0_ovf_callback
                0x00802232        0x2 src/ASF/xmega/drivers/tc/tc.o
 .bss.tc_tcc1_ccb_callback
                0x00802234        0x2 src/ASF/xmega/drivers/tc/tc.o
 .bss.tc_tcc1_cca_callback
                0x00802236        0x2 src/ASF/xmega/drivers/tc/tc.o
 .bss.tc_tcc1_err_callback
                0x00802238        0x2 src/ASF/xmega/drivers/tc/tc.o
 .bss.tc_tcc1_ovf_callback
                0x0080223a        0x2 src/ASF/xmega/drivers/tc/tc.o
 .bss.tc_tcc0_ccd_callback
                0x0080223c        0x2 src/ASF/xmega/drivers/tc/tc.o
 .bss.tc_tcc0_ccc_callback
                0x0080223e        0x2 src/ASF/xmega/drivers/tc/tc.o
 .bss.tc_tcc0_ccb_callback
                0x00802240        0x2 src/ASF/xmega/drivers/tc/tc.o
 .bss.tc_tcc0_cca_callback
                0x00802242        0x2 src/ASF/xmega/drivers/tc/tc.o
 .bss.tc_tcc0_err_callback
                0x00802244        0x2 src/ASF/xmega/drivers/tc/tc.o
 .bss.tc_tcc0_ovf_callback
                0x00802246        0x2 src/ASF/xmega/drivers/tc/tc.o
 *(COMMON)
 COMMON         0x00802248       0xa0 src/main.o
                0x00802248                asciibuf
                0x00802288                pt
                0x00802298                memory
                0x008022d8                key
 COMMON         0x008022e8      0x154 src/maskedChaoticEnc.o
                0x008022e8                RDKey
                0x00802318                intermediate
                0x00802328                s_mask_1
                0x00802329                add_mask
                0x00802339                msbox
                0x00802439                mul_mask_2
                0x0080243a                s_mask_2
                0x0080243b                mul_mask_1
 COMMON         0x0080243c        0x6 src/ASF/common/services/sleepmgr/xmega/sleepmgr.o
                0x0080243c                sleepmgr_locks
                0x00802442                PROVIDE (__bss_end, .)
                0x000020dc                __data_load_start = LOADADDR (.data)
                0x000022f4                __data_load_end = (__data_load_start + SIZEOF (.data))

.noinit         0x00802442        0x0
                [!provide]                PROVIDE (__noinit_start, .)
 *(.noinit*)
                [!provide]                PROVIDE (__noinit_end, .)
                0x00802442                _end = .
                [!provide]                PROVIDE (__heap_start, .)

.eeprom         0x00810000        0x0
 *(.eeprom*)
                0x00810000                __eeprom_end = .

.fuse
 *(.fuse)
 *(.lfuse)
 *(.hfuse)
 *(.efuse)

.lock
 *(.lock*)

.signature
 *(.signature*)

.user_signatures
 *(.user_signatures*)

.stab
 *(.stab)

.stabstr
 *(.stabstr)

.stab.excl
 *(.stab.excl)

.stab.exclstr
 *(.stab.exclstr)

.stab.index
 *(.stab.index)

.stab.indexstr
 *(.stab.indexstr)

.comment        0x00000000       0x30
 *(.comment)
 .comment       0x00000000       0x30 src/ASF/xmega/drivers/usart/usart.o
                                 0x31 (size before relaxing)
 .comment       0x00000030       0x31 src/char_int.o
 .comment       0x00000030       0x31 src/main.o
 .comment       0x00000030       0x31 src/maskedChaoticEnc.o
 .comment       0x00000030       0x31 src/ASF/common/services/sleepmgr/xmega/sleepmgr.o
 .comment       0x00000030       0x31 src/ASF/common/services/clock/xmega/sysclk.o
 .comment       0x00000030       0x31 src/ASF/xmega/drivers/tc/tc.o

.note.gnu.avr.deviceinfo
                0x00000000       0x40
 .note.gnu.avr.deviceinfo
                0x00000000       0x40 D:/Program Files (x86)/Atmel/Studio/7.0/Packs/atmel/XMEGAD_DFP/1.1.63/gcc/dev/atxmega128d4/avrxmega6/crtatxmega128d4.o

.note.gnu.build-id
 *(.note.gnu.build-id)

.debug
 *(.debug)

.line
 *(.line)

.debug_srcinfo
 *(.debug_srcinfo)

.debug_sfnames
 *(.debug_sfnames)

.debug_aranges  0x00000000      0x2a8
 *(.debug_aranges)
 .debug_aranges
                0x00000000       0x58 src/ASF/xmega/drivers/usart/usart.o
 .debug_aranges
                0x00000058       0x28 src/char_int.o
 .debug_aranges
                0x00000080       0x38 src/main.o
 .debug_aranges
                0x000000b8       0x80 src/maskedChaoticEnc.o
 .debug_aranges
                0x00000138       0x18 src/ASF/common/services/sleepmgr/xmega/sleepmgr.o
 .debug_aranges
                0x00000150       0x30 src/ASF/common/services/clock/xmega/sysclk.o
 .debug_aranges
                0x00000180      0x108 src/ASF/xmega/drivers/tc/tc.o
 .debug_aranges
                0x00000288       0x20 src/ASF/xmega/drivers/cpu/ccp.o

.debug_pubnames
 *(.debug_pubnames)

.debug_info     0x00000000     0x8c0d
 *(.debug_info .gnu.linkonce.wi.*)
 .debug_info    0x00000000     0x2071 D:/Program Files (x86)/Atmel/Studio/7.0/Packs/atmel/XMEGAD_DFP/1.1.63/gcc/dev/atxmega128d4/avrxmega6/crtatxmega128d4.o
 .debug_info    0x00002071     0x25b9 src/ASF/xmega/drivers/usart/usart.o
 .debug_info    0x0000462a      0x1a3 src/char_int.o
 .debug_info    0x000047cd     0x1805 src/main.o
 .debug_info    0x00005fd2      0xe40 src/maskedChaoticEnc.o
 .debug_info    0x00006e12      0x129 src/ASF/common/services/sleepmgr/xmega/sleepmgr.o
 .debug_info    0x00006f3b      0x66f src/ASF/common/services/clock/xmega/sysclk.o
 .debug_info    0x000075aa     0x15d7 src/ASF/xmega/drivers/tc/tc.o
 .debug_info    0x00008b81       0x8c src/ASF/xmega/drivers/cpu/ccp.o

.debug_abbrev   0x00000000     0x2f6e
 *(.debug_abbrev)
 .debug_abbrev  0x00000000     0x1eb8 D:/Program Files (x86)/Atmel/Studio/7.0/Packs/atmel/XMEGAD_DFP/1.1.63/gcc/dev/atxmega128d4/avrxmega6/crtatxmega128d4.o
 .debug_abbrev  0x00001eb8      0x411 src/ASF/xmega/drivers/usart/usart.o
 .debug_abbrev  0x000022c9       0xdf src/char_int.o
 .debug_abbrev  0x000023a8      0x36b src/main.o
 .debug_abbrev  0x00002713      0x31d src/maskedChaoticEnc.o
 .debug_abbrev  0x00002a30       0x84 src/ASF/common/services/sleepmgr/xmega/sleepmgr.o
 .debug_abbrev  0x00002ab4      0x20b src/ASF/common/services/clock/xmega/sysclk.o
 .debug_abbrev  0x00002cbf      0x29b src/ASF/xmega/drivers/tc/tc.o
 .debug_abbrev  0x00002f5a       0x14 src/ASF/xmega/drivers/cpu/ccp.o

.debug_line     0x00000000     0x3ccd
 *(.debug_line .debug_line.* .debug_line_end)
 .debug_line    0x00000000      0x2c5 D:/Program Files (x86)/Atmel/Studio/7.0/Packs/atmel/XMEGAD_DFP/1.1.63/gcc/dev/atxmega128d4/avrxmega6/crtatxmega128d4.o
 .debug_line    0x000002c5      0xafd src/ASF/xmega/drivers/usart/usart.o
 .debug_line    0x00000dc2      0x155 src/char_int.o
 .debug_line    0x00000f17      0xa40 src/main.o
 .debug_line    0x00001957      0xcfc src/maskedChaoticEnc.o
 .debug_line    0x00002653      0x455 src/ASF/common/services/sleepmgr/xmega/sleepmgr.o
 .debug_line    0x00002aa8      0x5e6 src/ASF/common/services/clock/xmega/sysclk.o
 .debug_line    0x0000308e      0xbd1 src/ASF/xmega/drivers/tc/tc.o
 .debug_line    0x00003c5f       0x6e src/ASF/xmega/drivers/cpu/ccp.o

.debug_frame    0x00000000      0xdb4
 *(.debug_frame)
 .debug_frame   0x00000000      0x14c src/ASF/xmega/drivers/usart/usart.o
 .debug_frame   0x0000014c       0x60 src/char_int.o
 .debug_frame   0x000001ac       0x98 src/main.o
 .debug_frame   0x00000244      0x2a8 src/maskedChaoticEnc.o
 .debug_frame   0x000004ec       0x74 src/ASF/common/services/clock/xmega/sysclk.o
 .debug_frame   0x00000560      0x854 src/ASF/xmega/drivers/tc/tc.o

.debug_str      0x00000000    0x26fcd
 *(.debug_str)
 .debug_str     0x00000000     0x1561 D:/Program Files (x86)/Atmel/Studio/7.0/Packs/atmel/XMEGAD_DFP/1.1.63/gcc/dev/atxmega128d4/avrxmega6/crtatxmega128d4.o
 .debug_str     0x00001561    0x23dfe src/ASF/xmega/drivers/usart/usart.o
                              0x24423 (size before relaxing)
 .debug_str     0x0002535f      0x796 src/char_int.o
                               0x3684 (size before relaxing)
 .debug_str     0x00025af5      0xc85 src/main.o
                              0x248b2 (size before relaxing)
 .debug_str     0x0002677a      0x166 src/maskedChaoticEnc.o
                              0x23ff1 (size before relaxing)
 .debug_str     0x000268e0       0xb3 src/ASF/common/services/sleepmgr/xmega/sleepmgr.o
                              0x21e74 (size before relaxing)
 .debug_str     0x00026993      0x125 src/ASF/common/services/clock/xmega/sysclk.o
                              0x23110 (size before relaxing)
 .debug_str     0x00026ab8      0x515 src/ASF/xmega/drivers/tc/tc.o
                              0x23a99 (size before relaxing)

.debug_loc      0x00000000     0x3db4
 *(.debug_loc)
 .debug_loc     0x00000000      0xd94 src/ASF/xmega/drivers/usart/usart.o
 .debug_loc     0x00000d94      0x268 src/char_int.o
 .debug_loc     0x00000ffc      0x6c1 src/main.o
 .debug_loc     0x000016bd     0x11d2 src/maskedChaoticEnc.o
 .debug_loc     0x0000288f      0x249 src/ASF/common/services/clock/xmega/sysclk.o
 .debug_loc     0x00002ad8     0x12dc src/ASF/xmega/drivers/tc/tc.o

.debug_macinfo
 *(.debug_macinfo)

.debug_weaknames
 *(.debug_weaknames)

.debug_funcnames
 *(.debug_funcnames)

.debug_typenames
 *(.debug_typenames)

.debug_varnames
 *(.debug_varnames)

.debug_pubtypes
 *(.debug_pubtypes)

.debug_ranges   0x00000000      0x260
 *(.debug_ranges)
 .debug_ranges  0x00000000       0x80 src/ASF/xmega/drivers/usart/usart.o
 .debug_ranges  0x00000080       0x18 src/char_int.o
 .debug_ranges  0x00000098       0x40 src/main.o
 .debug_ranges  0x000000d8       0x70 src/maskedChaoticEnc.o
 .debug_ranges  0x00000148       0x20 src/ASF/common/services/clock/xmega/sysclk.o
 .debug_ranges  0x00000168       0xf8 src/ASF/xmega/drivers/tc/tc.o

.debug_macro    0x00000000     0x8872
 *(.debug_macro)
 .debug_macro   0x00000000      0x22e src/ASF/xmega/drivers/usart/usart.o
 .debug_macro   0x0000022e      0xa7e src/ASF/xmega/drivers/usart/usart.o
 .debug_macro   0x00000cac      0x1c9 src/ASF/xmega/drivers/usart/usart.o
 .debug_macro   0x00000e75       0x10 src/ASF/xmega/drivers/usart/usart.o
 .debug_macro   0x00000e85      0x302 src/ASF/xmega/drivers/usart/usart.o
 .debug_macro   0x00001187       0x9e src/ASF/xmega/drivers/usart/usart.o
 .debug_macro   0x00001225     0x4380 src/ASF/xmega/drivers/usart/usart.o
 .debug_macro   0x000055a5       0x9a src/ASF/xmega/drivers/usart/usart.o
 .debug_macro   0x0000563f       0xf1 src/ASF/xmega/drivers/usart/usart.o
 .debug_macro   0x00005730       0x34 src/ASF/xmega/drivers/usart/usart.o
 .debug_macro   0x00005764       0x16 src/ASF/xmega/drivers/usart/usart.o
 .debug_macro   0x0000577a       0x18 src/ASF/xmega/drivers/usart/usart.o
 .debug_macro   0x00005792       0x5e src/ASF/xmega/drivers/usart/usart.o
 .debug_macro   0x000057f0       0x10 src/ASF/xmega/drivers/usart/usart.o
 .debug_macro   0x00005800       0x22 src/ASF/xmega/drivers/usart/usart.o
 .debug_macro   0x00005822      0x16d src/ASF/xmega/drivers/usart/usart.o
 .debug_macro   0x0000598f       0x1c src/ASF/xmega/drivers/usart/usart.o
 .debug_macro   0x000059ab       0x35 src/ASF/xmega/drivers/usart/usart.o
 .debug_macro   0x000059e0       0x66 src/ASF/xmega/drivers/usart/usart.o
 .debug_macro   0x00005a46      0x6c2 src/ASF/xmega/drivers/usart/usart.o
 .debug_macro   0x00006108       0x97 src/ASF/xmega/drivers/usart/usart.o
 .debug_macro   0x0000619f       0x17 src/ASF/xmega/drivers/usart/usart.o
 .debug_macro   0x000061b6      0x250 src/ASF/xmega/drivers/usart/usart.o
 .debug_macro   0x00006406       0x76 src/ASF/xmega/drivers/usart/usart.o
 .debug_macro   0x0000647c       0x16 src/ASF/xmega/drivers/usart/usart.o
 .debug_macro   0x00006492      0x6e3 src/ASF/xmega/drivers/usart/usart.o
 .debug_macro   0x00006b75       0x10 src/ASF/xmega/drivers/usart/usart.o
 .debug_macro   0x00006b85      0x175 src/ASF/xmega/drivers/usart/usart.o
 .debug_macro   0x00006cfa       0x40 src/ASF/xmega/drivers/usart/usart.o
 .debug_macro   0x00006d3a       0x69 src/ASF/xmega/drivers/usart/usart.o
 .debug_macro   0x00006da3       0x32 src/ASF/xmega/drivers/usart/usart.o
 .debug_macro   0x00006dd5       0xe4 src/ASF/xmega/drivers/usart/usart.o
 .debug_macro   0x00006eb9       0x34 src/ASF/xmega/drivers/usart/usart.o
 .debug_macro   0x00006eed       0x34 src/ASF/xmega/drivers/usart/usart.o
 .debug_macro   0x00006f21      0x2c6 src/ASF/xmega/drivers/usart/usart.o
 .debug_macro   0x000071e7       0x7d src/ASF/xmega/drivers/usart/usart.o
 .debug_macro   0x00007264       0x2f src/ASF/xmega/drivers/usart/usart.o
 .debug_macro   0x00007293      0x13f src/ASF/xmega/drivers/usart/usart.o
 .debug_macro   0x000073d2       0x7c src/ASF/xmega/drivers/usart/usart.o
 .debug_macro   0x0000744e      0x109 src/ASF/xmega/drivers/usart/usart.o
 .debug_macro   0x00007557       0x1a src/char_int.o
 .debug_macro   0x00007571      0x34e src/char_int.o
 .debug_macro   0x000078bf      0x2f1 src/main.o
 .debug_macro   0x00007bb0      0x2fc src/main.o
 .debug_macro   0x00007eac       0x34 src/main.o
 .debug_macro   0x00007ee0       0x40 src/main.o
 .debug_macro   0x00007f20       0x42 src/main.o
 .debug_macro   0x00007f62       0x10 src/main.o
 .debug_macro   0x00007f72       0x12 src/main.o
 .debug_macro   0x00007f84       0x3a src/main.o
 .debug_macro   0x00007fbe       0x28 src/main.o
 .debug_macro   0x00007fe6      0x2cc src/maskedChaoticEnc.o
 .debug_macro   0x000082b2       0x10 src/maskedChaoticEnc.o
 .debug_macro   0x000082c2      0x1a3 src/ASF/common/services/sleepmgr/xmega/sleepmgr.o
 .debug_macro   0x00008465      0x1dd src/ASF/common/services/clock/xmega/sysclk.o
 .debug_macro   0x00008642      0x230 src/ASF/xmega/drivers/tc/tc.o
OUTPUT(CWMaskAndRandChaotic.elf elf32-avr)
LOAD linker stubs
